# Java baseline snapshot — counts of populated rows.
#
# Issue #11 Phase 2: formal/spread/catch parameters, lambda parameters,
# local_variable_declaration and try-with-resources `resource` now
# extracted. symbol_count grew from 781 → 1445; call_count from 32 → 39.
symbol_count=1445
comment_count=192
call_count=39
doc_attached_count=74
file_count=58
span_count=1445
