# Issue #13 fan-out baseline against benchmarks/java/spring-api.
type_total = 543
type_primitive = 79
type_named = 370
type_generic = 86
type_tuple = 0
type_array = 7
type_function = 0
type_intersection = 0
type_resolved_canonical = 429
parameter_total = 390
parameter_with_type = 390
returns_total = 487
extends_total = 6
implements_total = 2
field_type_total = 227
throws_total = 9
throws_joinable_with_symbol = 9
