# PHP symbol-metadata snapshot — counts of populated `symbol` columns
# (issue #12). Probed on php/laravel-store; update only alongside
# intentional extractor changes.
public_count=296
private_count=456
internal_count=0
protected_count=34
qualified_name_count=679
parent_id_count=679
is_async_count=0
is_static_count=9
is_abstract_count=0
is_mutable_count=0
