# Issue #13 fan-out baseline against benchmarks/php/laravel-store.
type_total = 138
type_primitive = 49
type_named = 83
type_generic = 0
type_tuple = 0
type_array = 0
type_function = 0
type_intersection = 0
type_resolved_canonical = 138
parameter_total = 196
parameter_with_type = 175
returns_total = 84
extends_total = 30
implements_total = 0
field_type_total = 2
