# TypeScript baseline snapshot — counts of populated rows.
#
# Issue #11 Phase 2: parameter symbols now extracted (required, optional,
# rest, arrow). Locals (let/const/var) were already covered. symbol_count
# grew from 494 → 830; call_count from 102 → 105 (parameter names that
# happen to match callee names are filtered out by the callable-only
# resolver in builder.rs).
symbol_count=830
comment_count=188
call_count=105
doc_attached_count=0
file_count=54
span_count=830
