# TypeScript symbol-metadata snapshot — counts of populated `symbol`
# columns (issue #12). Probed on typescript/nextjs-dashboard; update
# only alongside intentional extractor changes.
public_count=160
private_count=670
internal_count=0
protected_count=0
qualified_name_count=595
parent_id_count=595
is_async_count=17
is_static_count=0
is_abstract_count=0
is_mutable_count=0
