# Issue #13 — Rust pilot baseline against benchmarks/rust/systems-cli.
# Update in lock-step with intentional extractor or corpus changes.
type_total = 589
type_primitive = 109
type_named = 234
type_generic = 224
type_tuple = 6
type_array = 16
type_function = 0
type_intersection = 0
type_resolved_canonical = 509
parameter_total = 374
parameter_with_type = 277
returns_total = 241
extends_total = 0
implements_total = 7
field_type_total = 145
