# C++ baseline snapshot — counts of populated rows.
#
# Issue #11 Phase 2: parameter symbols (bare/pointer/reference, optional
# default-arg params, lambda params) + local declarations (init/uninit
# with pointer/reference variants), range-based-for vars, and structured
# bindings now extracted. Lambda captures deferred. symbol_count grew
# from 454 → 871; call_count unchanged (callable-only filter).
symbol_count=968
comment_count=333
call_count=16
doc_attached_count=9
file_count=48
span_count=968
