# Issue #13 fan-out baseline against benchmarks/cpp/data-processor.
type_total = 616
type_primitive = 142
type_named = 330
type_generic = 144
type_tuple = 0
type_array = 0
type_function = 0
type_intersection = 0
type_resolved_canonical = 354
parameter_total = 384
parameter_with_type = 384
returns_total = 352
extends_total = 8
implements_total = 0
field_type_total = 97
